[2026-08-27 13:01:39 UTC] ================================================================================
[2026-08-27 13:01:39 UTC] >>> INITIALIZING EXNESS MT5 CONNECTION...
[2026-08-27 13:01:39 UTC]   Target Account : #474471944
[2026-08-27 13:01:39 UTC]   Target Server  : Exness-MT5Trial15
[2026-08-27 13:01:39 UTC] ================================================================================
[2026-08-27 13:01:39 UTC]   [OK] Connected via direct path: C:\Program Files\MetaTrader 5 EXNESS\terminal64.exe
[2026-08-27 13:01:39 UTC] ================================================================================
[2026-08-27 13:01:39 UTC] >>> EXNESS MT5 LIVE CONNECTION ESTABLISHED
[2026-08-27 13:01:39 UTC]   Account Number : #474471944
[2026-08-27 13:01:39 UTC]   Account Name   : Standard
[2026-08-27 13:01:39 UTC]   Server         : Exness-MT5Trial15
[2026-08-27 13:01:39 UTC]   Currency       : USD
[2026-08-27 13:01:39 UTC]   Balance        : $2,000.00
[2026-08-27 13:01:39 UTC]   Equity         : $2,000.00
[2026-08-27 13:01:39 UTC]   Free Margin    : $2,000.00
[2026-08-27 13:01:39 UTC]   Leverage       : 1:100
[2026-08-27 13:01:39 UTC]   Algo Trading   : [ENABLED]
[2026-08-27 13:01:39 UTC] ================================================================================
[2026-08-27 13:01:39 UTC] Active Trading Universe:
[2026-08-27 13:01:39 UTC]   [+] XAUUSDm    | Spread:  260 pts | Min Lot: 0.01 | Step: 0.01
[2026-08-27 13:01:39 UTC]   [+] EURUSDm    | Spread:    8 pts | Min Lot: 0.01 | Step: 0.01
[2026-08-27 13:01:39 UTC]   [+] GBPUSDm    | Spread:   10 pts | Min Lot: 0.01 | Step: 0.01
[2026-08-27 13:01:39 UTC]   [+] USDJPYm    | Spread:   10 pts | Min Lot: 0.01 | Step: 0.01
[2026-08-27 13:01:39 UTC]   [+] USDCADm    | Spread:   14 pts | Min Lot: 0.01 | Step: 0.01
[2026-08-27 13:01:39 UTC]   [+] BTCUSDm    | Spread: 1000 pts | Min Lot: 0.01 | Step: 0.01
[2026-08-27 13:01:39 UTC] ================================================================================
[2026-08-27 13:01:39 UTC] >>> HARMONIC EA V3 ENGINE IS LIVE AND SCANNING...
[2026-08-27 13:01:39 UTC]   Timeframe          : M15
[2026-08-27 13:01:39 UTC]   H1 Filter          : EMA 50 / 200 Trend Alignment
[2026-08-27 13:01:39 UTC]   Session Window     : 13:00 - 20:00 UTC (London/NY Overlap)
[2026-08-27 13:01:39 UTC]   Patterns Enabled   : Cypher, Gartley, Crab, Shark
[2026-08-27 13:01:39 UTC]   Min Pattern Score  : 85%
[2026-08-27 13:01:39 UTC]   Risk Engine        : Broker Native Profit Sizing (mt5.order_calc_profit)
[2026-08-27 13:01:39 UTC]   Cloud Telemetry    : MongoDB Cloud Active (cluster0.tt1v1.mongodb.net)
[2026-08-27 13:01:39 UTC]   Local Log File     : E:\break-and-retest-ea\harmonic\logs\harmonic_live.log
[2026-08-27 13:01:39 UTC] ================================================================================
[2026-08-27 13:01:39 UTC] Equity: $2,000.00 | Balance: $2,000.00 | Open Positions: 0 | [Outside Golden Session Window - Waiting]
[2026-08-27 13:01:49 UTC] Equity: $2,000.00 | Balance: $2,000.00 | Open Positions: 0 | [Outside Golden Session Window - Waiting]
